
> rest-express@1.0.0 build
> tsx script/build.ts

building client...
[36mvite v7.3.0 [32mbuilding client environment for production...[36m[39m
transforming...
[32mΓ£ô[39m 2119 modules transformed.
rendering chunks...
computing gzip size...
[2m../dist/public/[22m[32mindex.html                 [39m[1m[2m  2.01 kB[22m[1m[22m[2m Γöé gzip:   0.77 kB[22m
[2m../dist/public/[22m[35massets/index-AmV7lyro.css  [39m[1m[2m 71.46 kB[22m[1m[22m[2m Γöé gzip:  11.87 kB[22m
[2m../dist/public/[22m[36massets/index-VyubqKPE.js   [39m[1m[2m436.69 kB[22m[1m[22m[2m Γöé gzip: 133.52 kB[22m
[32mΓ£ô built in 5.65s[39m
building server...
node.exe : X [ERROR] 
Top-level await is 
currently not 
supported with the 
"cjs" output format
At C:\Program Files\no
dejs\npm.ps1:29 char:3
+   & $NODE_EXE 
$NPM_CLI_JS $args
+   ~~~~~~~~~~~~~~~~~~
~~~~~~~~~~~
    + CategoryInfo    
          : NotSpeci  
  fied: (X [ERROR]    
 Top-l..." output     
format:String) []    
, RemoteException
    + FullyQualifiedE 
   rrorId : NativeCo  
  mmandError
 

    
server/db.ts:11:21:
      11 Γöé   const 
{ PGlite } = await imp
ort("@electric-sql/pgl
ite");
         Γò╡          
            ~~~~~

X [ERROR] Top-level 
await is currently 
not supported with 
the "cjs" output 
format

    
server/db.ts:12:22:
      12 Γöé   const 
{ drizzle } = await im
port("drizzle-orm/pgli
te");
         Γò╡          
             ~~~~~

2 errors
Error: Build failed 
with 2 errors:
server/db.ts:11:21: 
ERROR: Top-level 
await is currently 
not supported with 
the "cjs" output 
format
server/db.ts:12:22: 
ERROR: Top-level 
await is currently 
not supported with 
the "cjs" output 
format
    at 
failureErrorWithLog (A
:\Modern-Momonahotel\n
ode_modules\esbuild\li
b\main.js:1467:15)
    at A:\Modern-Momon
ahotel\node_modules\es
build\lib\main.js:926:
25
    at A:\Modern-Momon
ahotel\node_modules\es
build\lib\main.js:878:
52
    at 
buildResponseToResult 
(A:\Modern-Momonahotel
\node_modules\esbuild\
lib\main.js:924:7)
    at A:\Modern-Momon
ahotel\node_modules\es
build\lib\main.js:951:
16
    at responseCallbac
ks.<computed> (A:\Mode
rn-Momonahotel\node_mo
dules\esbuild\lib\main
.js:603:9)
    at 
handleIncomingPacket (
A:\Modern-Momonahotel\
node_modules\esbuild\l
ib\main.js:658:12)
    at 
Socket.readFromStdout 
(A:\Modern-Momonahotel
\node_modules\esbuild\
lib\main.js:581:7)
    at Socket.emit 
(node:events:518:28)
    at addChunk (node:
internal/streams/reada
ble:561:12) {
  errors: 
[Getter/Setter],
  warnings: 
[Getter/Setter]
}
